PrimInt63.add
PrimInt63.addc
PrimInt63.addcarryc
PrimInt63.addmuldiv
PrimInt63.compare
PrimInt63.div
PrimInt63.diveucl
PrimInt63.diveucl_21
PrimInt63.eqb
PrimInt63.head0
PrimInt63.int
PrimInt63.land
PrimInt63.leb
PrimInt63.lor
PrimInt63.lsl
PrimInt63.lsr
PrimInt63.ltb
PrimInt63.lxor
PrimInt63.mod
PrimInt63.mul
PrimInt63.mulc
PrimInt63.sub
PrimInt63.subc
PrimInt63.subcarryc
PrimInt63.tail0
Uint63.add_spec
Uint63.addc_def_spec
Uint63.addcarryc_def_spec
Uint63.addmuldiv_def_spec
Uint63.compare_def_spec
Uint63.div_spec
Uint63.diveucl_21_spec
Uint63.diveucl_def_spec
Uint63.eqb_correct
Uint63.eqb_refl
Uint63.head0_spec
Uint63.land_spec
Uint63.leb_spec
Uint63.lor_spec
Uint63.lsl_spec
Uint63.lsr_spec
Uint63.ltb_spec
Uint63.lxor_spec
Uint63.mod_spec
Uint63.mul_spec
Uint63.mulc_spec
Uint63.of_to_Z
Uint63.sub_spec
Uint63.subc_def_spec
Uint63.subcarryc_def_spec
Uint63.tail0_spec
